----------------------------------------------------------------------
Ran 24 tests in 0.085s

OK
